787 songs; DRY-RUN mode.

4/787 [rock] Gorillaz - Clint Eastwood  ->  Gorillaz (feat. Del The Funky Homosapien)
50/787 [rock] Black Sabbath - Paranoid  ok
55/787 [pop] Michael Jackson - Smooth Criminal  ->  Michael Jackson (feat. David Garrett, Ivan Kojouharov)
68/787 [pop] Lady Gaga - Just Dance  ->  Lady Gaga (feat. Colby O'Donis)
73/787 [pop] Katy Perry - California Gurls  ->  Katy Perry (feat. Snoop Dogg)
79/787 [pop] Rihanna - Stay  ->  Rihanna (feat. Mikky Ekko)
100/787 [pop] Adele - Rolling in the Deep  ok
120/787 [pop] Justin Bieber - Baby  ->  Justin Bieber (feat. Ludacris)
124/787 [pop] Maroon 5 - Moves like Jagger  ->  Maroon 5 (feat. Christina Aguilera)
125/787 [pop] P!nk - Just Give Me a Reason  ->  P!nk (feat. Nate Ruess)
127/787 [pop] Camila Cabello - Havana  ->  Camila Cabello (feat. Young Thug)
128/787 [pop] Shakira - Hips Don't Lie  ->  Shakira (feat. Wyclef Jean)
146/787 [hiphop] Eminem - Love the Way You Lie  ->  Eminem (feat. Rihanna)
149/787 [hiphop] Kendrick Lamar - Money Trees  ->  Kendrick Lamar (feat. Jay Rock)
150/787 [hiphop] Post Malone - rockstar  ->  Post Malone (feat. 21 Savage)
153/787 [hiphop] Drake - One Dance  ->  Drake (feat. Wizkid, Kyla)
155/787 [hiphop] Migos - Bad and Boujee  ->  Migos (feat. Lil Uzi Vert)
158/787 [hiphop] B.o.B - Airplanes  ->  B.o.B (feat. Hayley Williams)
159/787 [hiphop] Dr. Dre - Forgot About Dre  ->  Dr. Dre (feat. Eminem)
160/787 [hiphop] Dr. Dre - Still D.R.E.  ->  Dr. Dre (feat. Snoop Dogg)
161/787 [hiphop] Snoop Dogg - Drop It Like It's Hot  ->  Snoop Dogg (feat. Pharrell Williams)
162/787 [hiphop] Gnarls Barkley - Crazy  ->  Gnarls Barkley (feat. CeeLo Green, Danger Mouse)
168/787 [hiphop] Nelly - Dilemma  ->  Nelly (feat. Kelly Rowland)
169/787 [hiphop] Lil Wayne - Lollipop  ->  Lil Wayne (feat. Static Major)
175/787 [hiphop] Dr. Dre - Nuthin' but a 'G' Thang  ->  Dr. Dre (feat. Snoop Dogg)
187/787 [hiphop] Usher - Yeah!  ->  Usher (feat. Lil Jon, Ludacris)
188/787 [hiphop] Rihanna - Umbrella  ->  Rihanna (feat. JAŸ-Z)
189/787 [hiphop] Beyoncé - Crazy in Love  ->  Beyoncé (feat. JAŸ-Z)
193/787 [hiphop] Post Malone - Congratulations  ->  Post Malone (feat. Quavo)
200/787 [hiphop] The Sugarhill Gang - Rapper's Delight  ok
203/787 [hiphop] Blackstreet - No Diggity  ->  Blackstreet (feat. Dr. Dre, Queen Pen)
207/787 [hiphop] Kanye West - Gold Digger  ->  Kanye West (feat. Jamie Foxx)
208/787 [hiphop] JAY-Z - Empire State of Mind  ->  JAY-Z (feat. Alicia Keys)
209/787 [dance] Eurythmics - Sweet Dreams (Are Made of This)  ->  Eurythmics (feat. Annie Lennox, Dave Stewart)
210/787 [dance] Rihanna - We Found Love  ->  Rihanna (feat. Calvin Harris)
211/787 [dance] David Guetta - Turn Me On  ->  David Guetta (feat. Nicki Minaj)
212/787 [dance] David Guetta - Sexy Bitch  ->  David Guetta (feat. Akon)
215/787 [dance] The Chainsmokers - Roses  ->  The Chainsmokers (feat. ROZES)
216/787 [dance] The Chainsmokers - Something Just Like This  ->  The Chainsmokers (feat. Coldplay)
217/787 [dance] The Chainsmokers - Don't Let Me Down  ->  The Chainsmokers (feat. Daya)
218/787 [dance] Zedd - Stay  ->  Zedd (feat. Alessia Cara)
219/787 [dance] Skrillex - Bangarang  ->  Skrillex (feat. Sirah)
220/787 [dance] Kygo - Stole the Show  ->  Kygo (feat. Parson James)
221/787 [dance] Kygo - It Ain't Me  ->  Kygo (feat. Selena Gomez)
222/787 [dance] Clean Bandit - Rather Be  ->  Clean Bandit (feat. Jess Glynne)
223/787 [dance] Clean Bandit - Symphony  ->  Clean Bandit (feat. Zara Larsson)
224/787 [dance] Clean Bandit - Rockabye  ->  Clean Bandit (feat. Anne-Marie, Sean Paul)
226/787 [dance] Icona Pop - I Love It  ->  Icona Pop (feat. Charli xcx)
227/787 [dance] Lost Frequencies - Reality  ->  Lost Frequencies (feat. Janieck)
228/787 [dance] Marshmello - Silence  ->  Marshmello (feat. Khalid)
229/787 [dance] Martin Garrix - In the Name of Love  ->  Martin Garrix (feat. Bebe Rexha)
230/787 [dance] Martin Garrix - Scared to Be Lonely  ->  Martin Garrix (feat. Dua Lipa)
232/787 [dance] Daft Punk - Get Lucky  ->  Daft Punk (feat. Pharrell Williams, Nile Rodgers)
244/787 [dance] Swedish House Mafia - Don't You Worry Child  ->  Swedish House Mafia (feat. John Martin)
245/787 [dance] David Guetta - Titanium  ->  David Guetta (feat. Sia)
246/787 [dance] deadmau5 - Ghosts 'n' Stuff  ->  deadmau5 (feat. Rob Swire)
248/787 [dance] Disclosure - Latch  ->  Disclosure (feat. Sam Smith)
249/787 [dance] Major Lazer - Lean On  ->  Major Lazer (feat. DJ Snake, MØ)
250/787 [dance] The Chainsmokers - Closer  ->  The Chainsmokers (feat. Halsey)
252/787 [dance] Zedd - Clarity  ->  Zedd (feat. Foxes)
253/787 [dance] Kygo - Firestone  ->  Kygo (feat. Conrad Sewell)
259/787 [dance] Fred again.. - Delilah (pull me out of this)  ->  Fred again.. (feat. Delilah Montagu)
263/787 [dance] Eiffel 65 - Blue (Da Ba Dee)  ->  Eiffel 65 (feat. Gabry Ponte)
268/787 [dance] Calvin Harris - This Is What You Came For  ->  Calvin Harris (feat. Rihanna)
276/787 [disco] KC and the Sunshine Band - Get Down Tonight  SKIP_MISMATCH (Spotify says: KC & The Sunshine Band)
289/787 [disco] KC and the Sunshine Band - That's the Way (I Like It)  SKIP_MISMATCH (Spotify says: KC & The Sunshine Band)
294/787 [disco] James Brown - Get Up (I Feel Like Being a) Sex Machine  ->  James Brown (feat. The J.B.'s)
300/787 [disco] Curtis Mayfield - Move On Up  ok
308/787 [disco] Tina Turner - What's Love Got to Do with It  ->  Tina Turner (feat. Kygo)
318/787 [disco] Stevie Wonder - Signed, Sealed, Delivered I'm Yours  ->  Stevie Wonder (feat. Blue, Angie Stone)
319/787 [disco] Earth, Wind & Fire - Boogie Wonderland  ->  Earth, Wind & Fire (feat. The Emotions)
321/787 [disco] Silk Sonic - Leave the Door Open  ->  Silk Sonic (feat. Bruno Mars, Anderson .Paak)
325/787 [banger] Jennifer Lopez - On the Floor  ->  Jennifer Lopez (feat. Pitbull)
326/787 [banger] Justin Timberlake - SexyBack  ->  Justin Timberlake (feat. Timbaland)
328/787 [banger] Duck Sauce - Barbra Streisand  ->  Duck Sauce (feat. A-Trak, Armand Van Helden)
329/787 [banger] Benny Benassi - Satisfaction  ->  Benny Benassi (feat. David Guetta)
332/787 [banger] Luis Fonsi - Despacito  ->  Luis Fonsi (feat. Daddy Yankee)
333/787 [banger] DJ Snake - Taki Taki  ->  DJ Snake (feat. Selena Gomez, Ozuna, Cardi B)
334/787 [banger] Enur - Calabria 2007  ->  Enur (feat. Enur featuring Natasha)
335/787 [banger] Basshunter - Now You're Gone  ->  Basshunter (feat. DJ Mental Theos Bazzheadz)
336/787 [banger] LMFAO - Shots  ->  LMFAO (feat. Lil Jon)
350/787 [banger] House of Pain - Jump Around  ok
353/787 [banger] LMFAO - Party Rock Anthem  ->  LMFAO (feat. Lauren Bennett, GoonRock)
355/787 [banger] Flo Rida - Low  ->  Flo Rida (feat. T-Pain)
356/787 [banger] Pitbull - Give Me Everything  ->  Pitbull (feat. AFROJACK, Ne-Yo, Nayer)
358/787 [banger] GALA - Freed from Desire  ->  GALA (feat. Molella, Phil Jay)
361/787 [banger] DJ Snake - Turn Down for What  ->  DJ Snake (feat. Lil Jon)
362/787 [banger] Sia - Cheap Thrills  ->  Sia (feat. Sean Paul)
372/787 [banger] Don Omar - Danza Kuduro  ->  Don Omar (feat. Lucenzo)
374/787 [banger] Pitbull - Timber  ->  Pitbull (feat. Kesha)
375/787 [banger] Enrique Iglesias - Bailando  ->  Enrique Iglesias (feat. Descemer Bueno, Gente De Zona)
394/787 [happy] Pharrell Williams - Happy  ->  Pharrell Williams (feat. Scott Rogers)
395/787 [happy] Katrina and the Waves - Walking on Sunshine  SKIP_MISMATCH (Spotify says: Katrina & The Waves)
400/787 [happy] Post Malone - Sunflower  ->  Post Malone (feat. Swae Lee, Nicky Jam, Prince Royce, G.O.K.B.)
403/787 [happy] Mark Ronson - Uptown Funk  ->  Mark Ronson (feat. Bruno Mars)
408/787 [happy] Owl City - Good Time  ->  Owl City (feat. Carly Rae Jepsen)
425/787 [happy] James Brown - I Got You (I Feel Good)  ->  James Brown (feat. James Brown & The Famous Flames)
437/787 [danish] Kim Larsen & Kjukken - Om Lidt  SKIP_MISMATCH (Spotify says: Kim Larsen)
450/787 [danish] Thomas Helmig - Det Er Mig Der Står Herude Og Banker På  ok
468/787 [danish] Burhan G - Karma  ->  Burhan G (feat. L.O.C.)
476/787 [danish] Christopher - CPH Girls  ->  Christopher (feat. Brandon Beal)
479/787 [danish] Tobias Rahim - Stor Mand  ->  Tobias Rahim (feat. andreas odbjerg)
480/787 [danish] Klumben - Faxe Kondi  ->  Klumben (feat. Raske Penge)
488/787 [danish] Joey Moe - Yoyo  ->  Joey Moe (feat. Faustix)
494/787 [danish] Gilli - Ven  ->  Gilli (feat. Branco)
497/787 [danish] Rasmus Seebach - Millionær  ->  Rasmus Seebach (feat. Ankerstjerne)
500/787 [danish] Shu-bi-dua - Stærk Tobak  ok
516/787 [danish] Burhan G - Mest Ondt  ->  Burhan G (feat. Medina)
518/787 [danish] Volbeat - For Evigt  ->  Volbeat (feat. Johan Olsen)
521/787 [danish] Gilli - Tranquillo  ->  Gilli (feat. Branco)
524/787 [festival] Gotye - Somebody That I Used to Know  ->  Gotye (feat. Kimbra)
528/787 [festival] Wallows - Are You Bored Yet?  ->  Wallows (feat. Clairo)
537/787 [festival] Daft Punk - Instant Crush  ->  Daft Punk (feat. Julian Casablancas)
549/787 [festival] Gorillaz - Feel Good Inc.  ->  Gorillaz (feat. De La Soul)
550/787 [festival] Florence + The Machine - Dog Days Are Over  ok
553/787 [festival] RAYE - Escapism.  ->  RAYE (feat. 070 Shake)
565/787 [festival] Jamie xx - Loud Places  ->  Jamie xx (feat. Romy)
571/787 [festival] Post Malone - I Had Some Help  ->  Post Malone (feat. Morgan Wallen)
580/787 [festival] Travis Scott - FE!N  ->  Travis Scott (feat. Playboi Carti)
584/787 [festival] Lady Gaga - Die With A Smile  ->  Lady Gaga (feat. Bruno Mars)
585/787 [festival] Kygo - Higher Love  ->  Kygo (feat. Whitney Houston)
586/787 [festival] David Guetta - I'm Good (Blue)  ->  David Guetta (feat. Bebe Rexha)
588/787 [festival] Marshmello - Happier  ->  Marshmello (feat. Bastille)
589/787 [festival] Calvin Harris - One Kiss  ->  Calvin Harris (feat. Dua Lipa)
590/787 [festival] Fred again.. - Turn On The Lights again..  ->  Fred again.. (feat. Swedish House Mafia, Future)
593/787 [festival] Central Cee & Dave - Sprinter  SKIP_MISMATCH (Spotify says: Dave, Central Cee)
600/787 [festival] Tate McRae - greedy  ok
604/787 [festival] Lost Frequencies - Where Are You Now  ->  Lost Frequencies (feat. Calum Scott)
609/787 [festival] Shakira - Waka Waka (This Time for Africa)  ->  Shakira (feat. Freshlyground)
625/787 [festival] fun. - We Are Young  ->  fun. (feat. Janelle Monáe)
633/787 [disney] Kuana Torres Kahele - Lava (Lava)  ->  Kuana Torres Kahele (feat. Napua Greig, James Ford Murphy)
635/787 [disney] Encanto Cast - All of You (Encanto)  ->  Encanto Cast (feat. Stephanie Beatriz, Olga Merediz, John Leguizamo, Adassa, Maluma)
636/787 [disney] Paige O'Hara - Belle (Beauty and the Beast)  ->  Paige O'Hara (feat. Richard White)
639/787 [disney] Anthony Gonzalez - The World Es Mi Familia (Coco)  ->  Anthony Gonzalez (feat. Antonio Sol)
641/787 [disney] Idina Menzel - Into the Unknown (Frozen 2)  ->  Idina Menzel (feat. AURORA)
642/787 [disney] Idina Menzel - Show Yourself (Frozen 2)  ->  Idina Menzel (feat. Evan Rachel Wood)
643/787 [disney] Kristen Bell - Do You Want to Build a Snowman? (Frozen)  ->  Kristen Bell (feat. Agatha Lee Monn, Katie Lopez)
644/787 [disney] Kristen Bell - Love Is an Open Door (Frozen)  ->  Kristen Bell (feat. Santino Fontana)
647/787 [disney] Miguel - Remember Me (Coco)  ->  Miguel (feat. Natalia Lafourcade, Steerner)
648/787 [disney] Anthony Gonzalez - Un Poco Loco (Coco)  ->  Anthony Gonzalez (feat. Gael Garcia Bernal)
649/787 [disney] Peabo Bryson - A Whole New World (Aladdin)  ->  Peabo Bryson (feat. Regina Belle)
650/787 [disney] Robin Williams - Friend Like Me (Aladdin)  ok
653/787 [disney] Elton John - Circle of Life (The Lion King)  ->  Elton John (feat. Barbara Hendricks, Jonathan Tunick)
654/787 [disney] Elton John - Can You Feel the Love Tonight (The Lion King)  ->  Elton John (feat. Tim Rice, Anthony Williams)
655/787 [disney] Nathan Lane - Hakuna Matata (The Lion King)  ->  Nathan Lane (feat. Ernie Sabella, Jason Weaver, Joseph Williams)
659/787 [disney] Celine Dion - Beauty and the Beast (Beauty and the Beast)  ->  Celine Dion (feat. Peabo Bryson)
660/787 [disney] Jerry Orbach - Be Our Guest (Beauty and the Beast)  ->  Jerry Orbach (feat. Angela Lansbury)
665/787 [disney] Cliff Edwards - When You Wish Upon a Star (Pinocchio)  ->  Cliff Edwards (feat. Leigh Harline)
668/787 [disney] Julie Andrews - Supercalifragilisticexpialidocious (Mary Poppins)  ->  Julie Andrews (feat. Dick Van Dyke)
670/787 [disney] Dick Van Dyke - Chim Chim Cher-ee (Mary Poppins)  ->  Dick Van Dyke (feat. Julie Andrews, Karen Dotrice, Matthew Garber)
671/787 [disney] Phil Harris - The Bare Necessities (The Jungle Book)  ->  Phil Harris (feat. Bruce Reitherman)
672/787 [disney] Louis Prima - I Wan'na Be Like You (The Jungle Book)  ->  Louis Prima (feat. Phil Harris, Bruce Reitherman)
673/787 [disney] Mary Costa - Once Upon a Dream (Sleeping Beauty)  ->  Mary Costa (feat. Bill Shirley)
677/787 [disney] Mandy Moore - I See the Light (Tangled)  ->  Mandy Moore (feat. Zachary Levi)
680/787 [disney] Carolina Gaitan - We Don't Talk About Bruno (Encanto)  ->  Carolina Gaitan (feat. Carolina Gaitán - La Gaita, Mauro Castillo, Adassa, Rhenzy Feliz, Diane Guerrero, Stephanie Beatriz)
684/787 [disney] Amy Adams - True Love's Kiss (Enchanted)  ->  Amy Adams (feat. James Marsden)
686/787 [disney] Michael Giacchino - Married Life (Up)  ->  Michael Giacchino (feat. Raphaela Gromes, Julian Riem)
687/787 [disney] Lillias White - Zero to Hero (Hercules)  ->  Lillias White (feat. Cheryl Freeman, LaChanze, Roz Ryan, Vaneese Thomas, Tawatha Agee)
692/787 [disney] Auli'i Cravalho - Beyond (Moana 2)  ->  Auli'i Cravalho (feat. Rachel House)
693/787 [disney] Jason Weaver - I Just Can't Wait to Be King (The Lion King)  ->  Jason Weaver (feat. Rowan Atkinson, Laura Williams)
694/787 [disney] Jeremy Irons - Be Prepared (The Lion King)  ->  Jeremy Irons (feat. Whoopi Goldberg, Cheech Marin, Jim Cummings)
696/787 [disney] Susan Egan - I Won't Say (I'm in Love) (Hercules)  ->  Susan Egan (feat. Cheryl Freeman, LaChanze, Vaneese Thomas, Lillias White)
699/787 [disney] Stephanie Beatriz - The Family Madrigal (Encanto)  ->  Stephanie Beatriz (feat. Olga Merediz)
700/787 [disney] Judy Kuhn - Just Around the Riverbend (Pocahontas)  ok
702/787 [disney] Phil Harris - Ev'rybody Wants to Be a Cat (The Aristocats)  ->  Phil Harris (feat. Scatman Crothers, Thurl Ravenscroft, Liz English)
703/787 [disney] Richard White - Gaston (Beauty and the Beast)  ->  Richard White (feat. Jesse Corti)
707/787 [movie] Whitney Houston & Mariah Carey - When You Believe (The Prince of Egypt)  SKIP_MISMATCH (Spotify says: Mariah Carey, Whitney Houston)
708/787 [movie] Tegan and Sara - Everything Is Awesome (The Lego Movie)  ->  Tegan and Sara (feat. The Lonely Island)
715/787 [movie] Rahul Sipligunj - Naatu Naatu (RRR)  ->  Rahul Sipligunj (feat. Kala Bhairava, M. M. Keeravaani, Chandra Bose)
718/787 [movie] Idina Menzel - Defying Gravity (Wicked)  ->  Idina Menzel (feat. Stephen Schwartz, Kristin Chenoweth, Stephen Oremus)
719/787 [movie] Kristin Chenoweth - Popular (Wicked)  ->  Kristin Chenoweth (feat. Stephen Schwartz, Stephen Oremus)
720/787 [movie] Leslie Odom Jr. - Alexander Hamilton (Hamilton)  ->  Leslie Odom Jr. (feat. Daveed Diggs, Okieriete Onaodowan, Lin-Manuel Miranda, Phillipa Soo, Christopher Jackson)
721/787 [movie] Lin-Manuel Miranda - My Shot (Hamilton)  ->  Lin-Manuel Miranda (feat. Anthony Ramos, Daveed Diggs, Okieriete Onaodowan, Leslie Odom Jr.)
722/787 [movie] Original Broadway Cast of Rent - Seasons of Love (Rent)  SKIP_MISMATCH (Spotify says: Broadway's Theatre Original Cast)
723/787 [movie] Elaine Paige - Memory (Cats)  ->  Elaine Paige (feat. Andrew Lloyd Webber)
724/787 [movie] Sarah Brightman - The Phantom of the Opera (The Phantom of the Opera)  ->  Sarah Brightman (feat. Andrew Lloyd Webber, Michael Crawford)
728/787 [movie] John Travolta - Summer Nights (Grease)  ->  John Travolta (feat. Olivia Newton-John)
729/787 [movie] John Travolta - You're the One That I Want (Grease)  ->  John Travolta (feat. Olivia Newton-John)
732/787 [movie] Zac Efron - Rewrite the Stars (The Greatest Showman)  ->  Zac Efron (feat. Zendaya)
733/787 [movie] Ziv Zaifman - A Million Dreams (The Greatest Showman)  ->  Ziv Zaifman (feat. Hugh Jackman, Michelle Williams)
734/787 [movie] Hugh Jackman - The Greatest Show (The Greatest Showman)  ->  Hugh Jackman (feat. Keala Settle, Zac Efron, Zendaya)
736/787 [movie] Ryan Gosling - City of Stars (La La Land)  ->  Ryan Gosling (feat. Emma Stone)
739/787 [movie] Natalie Wood - Tonight (West Side Story)  ->  Natalie Wood (feat. Richard Beymer)
741/787 [movie] Julie Andrews - Do-Re-Mi (The Sound of Music)  ->  Julie Andrews (feat. Nicholas Hammond, Debbie Turner, Duane Chase, Heather Menzies, Angela Cartwright, Kym Karath, Charmian Carr)
743/787 [movie] Bill Lee - Edelweiss (The Sound of Music)  ->  Bill Lee (feat. Charmian Carr)
750/787 [movie] Berlin - Take My Breath Away (Top Gun)  ok
757/787 [movie] Seal - Kiss from a Rose (Batman Forever)  ->  Seal (feat. John C. Williams, Christopher Gunning, Laurence Cottle, Ralph Salmins, Harold Fisher, Ian Thomas, Chris Laurence, Pollyanna Gunning)
761/787 [movie] Irene Cara - Flashdance... What a Feeling (Flashdance)  ->  Irene Cara (feat. E-Motion, SPYZR)
764/787 [movie] Lady Gaga - Shallow (A Star Is Born)  ->  Lady Gaga (feat. Andrea Lykke, Diluckshan Jeyaratnam, Ludwig Wicki)
778/787 [movie] Huey Lewis and the News - The Power of Love (Back to the Future)  SKIP_MISMATCH (Spotify says: Huey Lewis & The News)
779/787 [movie] Christina Perri - A Thousand Years (The Twilight Saga: Breaking Dawn)  ->  Christina Perri (feat. Claire Jones)
783/787 [movie] Wiz Khalifa - See You Again (Furious 7)  ->  Wiz Khalifa (feat. Charlie Puth)
785/787 [movie] Catherine Zeta-Jones - All That Jazz (Chicago)  ->  Catherine Zeta-Jones (feat. Renée Zellweger, Taye Diggs)
786/787 [movie] Les Miserables Cast - Do You Hear the People Sing? (Les Miserables)  ->  Les Miserables Cast (feat. Aaron Tveit, Eddie Redmayne)

174 credits to enrich, 8 skipped (artist mismatch, fix via audit flow), 0 fetch failures (rerun to retry).
Dry-run only. Rerun with --apply to write songs.js, deck.json, fetch-cache.json and deck-seed.json (instant, reuses the checkpoint).
